chfangfang@DESKTOP-1K0PII8 MINGW64 /f/GitTest
$ cd .ssh
bash: cd: .ssh: No such file or directory

chfangfang@DESKTOP-1K0PII8 MINGW64 /f/GitTest
$ cd ~/.ssh
bash: cd: /c/Users/chfangfang/.ssh: No such file or directory

chfangfang@DESKTOP-1K0PII8 MINGW64 /f/GitTest
$ ssh-keygen -t rsa -C "1035406717@qq.com"
Generating public/private rsa key pair.
Enter file in which to save the key (/c/Users/chfangfang/.ssh/id_rsa):
Created directory '/c/Users/chfangfang/.ssh'.
Enter passphrase (empty for no passphrase):
Enter same passphrase again:
Your identification has been saved in /c/Users/chfangfang/.ssh/id_rsa.
Your public key has been saved in /c/Users/chfangfang/.ssh/id_rsa.pub.
The key fingerprint is:
SHA256:HbV9pt2+tuqa5QMsUONJEsIgwbO5e7tdT6DYB5Eul0k 1035406717@qq.com
The key's randomart image is:
+---[RSA 2048]----+
|.o..o. ..   .    |
| o.  .o. + . o   |
|  +  E  = + . . o|
| o  o +. + .   =.|
|  .. * .S o   . o|
| .  = o .. o   . |
|  .. o o .. ..  .|
| . .. o o   +. ..|
|  .oo.   . oo++o.|
+----[SHA256]-----+

chfangfang@DESKTOP-1K0PII8 MINGW64 /f/GitTest
$ ^C

chfangfang@DESKTOP-1K0PII8 MINGW64 /f/GitTest
$ cd ~/.ssh

chfangfang@DESKTOP-1K0PII8 MINGW64 ~/.ssh
$ ls
id_rsa  id_rsa.pub

chfangfang@DESKTOP-1K0PII8 MINGW64 ~/.ssh
$ cat id_rsa.pub
ssh-rsa AAAAB3NzaC1yc2EAAAADAQABAAABAQD2ZYEfmeOPSVb0++uIBvq3vGWRkQvnVqJIXOklJ6GwPGEAeFeaqJmgWoykSnqGwnGH7UlXNIoKUQcqwPRZkcrjq9RpFjJaIvHUCaQHDUpWn89vQefNArngw8VYQs5ycPuAUaZPGKvGZ5JtlxwOkBAEymtsl5PNUjqS+OqgqXTLggYSohagoyu0ZUrRmoOXU//wyRhhQlauXzBtaVK9SHdqCnizx8UYDdyGk/BUJ7nOs0lCOfDn90JFJ7jkYtBinwZ1392TM55p22x1J9Ycg5KcDAfmLIRH1bnQadqlLMMrmmRKDKLtKG6vYjMHqRUpFtHBOLVCpFt2Fq6l 1035406717@qq.com

chfangfang@DESKTOP-1K0PII8 MINGW64 ~/.ssh
$  git config --global user.name "chfangfang"

chfangfang@DESKTOP-1K0PII8 MINGW64 ~/.ssh
$  git config --global user.email "1035406717@qq.com"

chfangfang@DESKTOP-1K0PII8 MINGW64 ~/.ssh
$ ssh -T git@github.com
The authenticity of host 'github.com (13.229.188.59)' can't be established.
RSA key fingerprint is SHA256:nThbg6kXUpJWGl7E1IGOCspRomTxdCARLviKw6E5SY8.
Are you sure you want to continue connecting (yes/no)? yes
Warning: Permanently added 'github.com,13.229.188.59' (RSA) to the list of kno hosts.
Enter passphrase for key '/c/Users/chfangfang/.ssh/id_rsa':
Hi chfangfang! You've successfully authenticated, but GitHub does not provide ell access.

chfangfang@DESKTOP-1K0PII8 MINGW64 ~/.ssh
$ ^C

chfangfang@DESKTOP-1K0PII8 MINGW64 ~/.ssh
$ cd /f/GitTest

chfangfang@DESKTOP-1K0PII8 MINGW64 /f/GitTest
$ mkdir test-project

chfangfang@DESKTOP-1K0PII8 MINGW64 /f/GitTest
$ cd test-project/

chfangfang@DESKTOP-1K0PII8 MINGW64 /f/GitTest/test-project
$ git init
Initialized empty Git repository in F:/GitTest/test-project/.git/

chfangfang@DESKTOP-1K0PII8 MINGW64 /f/GitTest/test-project (master)
$ touch a.txt

chfangfang@DESKTOP-1K0PII8 MINGW64 /f/GitTest/test-project (master)
$ git add a.txt

chfangfang@DESKTOP-1K0PII8 MINGW64 /f/GitTest/test-project (master)
$ git status
On branch master

No commits yet

Changes to be committed:
  (use "git rm --cached <file>..." to unstage)

        new file:   a.txt


chfangfang@DESKTOP-1K0PII8 MINGW64 /f/GitTest/test-project (master)
$ git commit -m 'add a.txt'
[master (root-commit) 49792d3] add a.txt
 1 file changed, 0 insertions(+), 0 deletions(-)
 create mode 100644 a.txt

chfangfang@DESKTOP-1K0PII8 MINGW64 /f/GitTest/test-project (master)
$ git status
On branch master
nothing to commit, working tree clean

chfangfang@DESKTOP-1K0PII8 MINGW64 /f/GitTest/test-project (master)
$ git clone https://github.com/chfangfang/project
Cloning into 'project'...
remote: Enumerating objects: 10, done.
remote: Counting objects: 100% (10/10), done.
remote: Compressing objects: 100% (6/6), done.
remote: Total 10 (delta 0), reused 0 (delta 0), pack-reused 0
Unpacking objects: 100% (10/10), done.

chfangfang@DESKTOP-1K0PII8 MINGW64 /f/GitTest/test-project (master)
$ git log
commit 49792d31dc0f9ef763743ca4fd08ed0b9744a693 (HEAD -> master)
Author: chfangfang <1035406717@qq.com>
Date:   Wed Jul 10 22:34:33 2019 +0800

    add a.txt

chfangfang@DESKTOP-1K0PII8 MINGW64 /f/GitTest/test-project (master)
$ vi a.txt

chfangfang@DESKTOP-1K0PII8 MINGW64 /f/GitTest/test-project (master)
$ git add a.txt
warning: LF will be replaced by CRLF in a.txt.
The file will have its original line endings in your working directory

chfangfang@DESKTOP-1K0PII8 MINGW64 /f/GitTest/test-project (master)
$ git commit -m 'diercitijiao上帝 '
[master 7a0a13a] diercitijiao上帝是
 1 file changed, 10 insertions(+)

chfangfang@DESKTOP-1K0PII8 MINGW64 /f/GitTest/test-project (master)
$ git status
On branch master
Untracked files:
  (use "git add <file>..." to include in what will be committed)

        project/

nothing added to commit but untracked files present (use "git add" to track)

chfangfang@DESKTOP-1K0PII8 MINGW64 /f/GitTest/test-project (master)
$ git push
fatal: No configured push destination.
Either specify the URL from the command-line or configure a remote repository using

    git remote add <name> <url>

and then push using the remote name

    git push <name>


chfangfang@DESKTOP-1K0PII8 MINGW64 /f/GitTest/test-project (master)
$ git push -project
error: unknown switch `p'
usage: git push [<options>] [<repository> [<refspec>...]]

    -v, --verbose         be more verbose
    -q, --quiet           be more quiet
    --repo <repository>   repository
    --all                 push all refs
    --mirror              mirror all refs
    -d, --delete          delete refs
    --tags                push tags (can't be used with --all or --mirror)
    -n, --dry-run         dry run
    --porcelain           machine-readable output
    -f, --force           force updates
    --force-with-lease[=<refname>:<expect>]
                          require old value of ref to be at this value
    --recurse-submodules[=(check|on-demand|no)]
                          control recursive pushing of submodules
    --thin                use thin pack
    --receive-pack <receive-pack>
                          receive pack program
    --exec <receive-pack>
                          receive pack program
    -u, --set-upstream    set upstream for git pull/status
    --progress            force progress reporting
    --prune               prune locally removed refs
    --no-verify           bypass pre-push hook
    --follow-tags         push missing but relevant tags
    --signed[=(yes|no|if-asked)]
                          GPG sign the push
    --atomic              request atomic transaction on remote side
    -o, --push-option <server-specific>
                          option to transmit
    -4, --ipv4            use IPv4 addresses only
    -6, --ipv6            use IPv6 addresses only


chfangfang@DESKTOP-1K0PII8 MINGW64 /f/GitTest/test-project (master)
$ git push -u
fatal: No configured push destination.
Either specify the URL from the command-line or configure a remote repository using

    git remote add <name> <url>

and then push using the remote name

    git push <name>


chfangfang@DESKTOP-1K0PII8 MINGW64 /f/GitTest/test-project (master)
$ git push project
fatal: The current branch master has no upstream branch.
To push the current branch and set the remote as upstream, use

    git push --set-upstream project master


chfangfang@DESKTOP-1K0PII8 MINGW64 /f/GitTest/test-project (master)
$ ls
a.txt  project/

chfangfang@DESKTOP-1K0PII8 MINGW64 /f/GitTest/test-project (master)
$ git push
fatal: No configured push destination.
Either specify the URL from the command-line or configure a remote repository using

    git remote add <name> <url>

and then push using the remote name

    git push <name>


chfangfang@DESKTOP-1K0PII8 MINGW64 /f/GitTest/test-project (master)
$ git remote add origin https://github.com/chfangfang/project.git

chfangfang@DESKTOP-1K0PII8 MINGW64 /f/GitTest/test-project (master)
$ git push -u origin master
fatal: protocol '‘https' is not supported

chfangfang@DESKTOP-1K0PII8 MINGW64 /f/GitTest/test-project (master)
$ git remote add origin ‘git@github.com:chfangfang/project.git'
> ^C

chfangfang@DESKTOP-1K0PII8 MINGW64 /f/GitTest/test-project (master)
$ git remote add origin git@github.com:chfangfang/project.git
fatal: remote origin already exists.

chfangfang@DESKTOP-1K0PII8 MINGW64 /f/GitTest/test-project (master)
$ git push -u origin master
fatal: protocol '‘https' is not supported

chfangfang@DESKTOP-1K0PII8 MINGW64 /f/GitTest/test-project (master)
$ git clone git@github.com:chfangfang/project.git
fatal: destination path 'project' already exists and is not an empty directory.

chfangfang@DESKTOP-1K0PII8 MINGW64 /f/GitTest/test-project (master)
$ git clone git@github.com:chfangfang/project.git
Cloning into 'project'...
Warning: Permanently added the RSA host key for IP address '52.74.223.119' to the list of known hosts.
Enter passphrase for key '/c/Users/chfangfang/.ssh/id_rsa':
remote: Enumerating objects: 10, done.
remote: Counting objects: 100% (10/10), done.
remote: Compressing objects: 100% (6/6), done.
remote: Total 10 (delta 0), reused 0 (delta 0), pack-reused 0
Receiving objects: 100% (10/10), done.

chfangfang@DESKTOP-1K0PII8 MINGW64 /f/GitTest/test-project (master)
$ git add a.txt

chfangfang@DESKTOP-1K0PII8 MINGW64 /f/GitTest/test-project (master)
$ git commit -m '第二次测试提交github'
On branch master
Untracked files:
        project/

nothing added to commit but untracked files present

chfangfang@DESKTOP-1K0PII8 MINGW64 /f/GitTest/test-project (master)
$ git remote add origin git@github.com:chfangfang/project.git
fatal: remote origin already exists.

chfangfang@DESKTOP-1K0PII8 MINGW64 /f/GitTest/test-project (master)
$  git push -u origin master
fatal: protocol '‘https' is not supported

chfangfang@DESKTOP-1K0PII8 MINGW64 /f/GitTest/test-project (master)
$ ^C

chfangfang@DESKTOP-1K0PII8 MINGW64 /f/GitTest/test-project (master)
$ git remote rm origin

chfangfang@DESKTOP-1K0PII8 MINGW64 /f/GitTest/test-project (master)
$ git remote add origin git@github.com:chfangfang/project.git

chfangfang@DESKTOP-1K0PII8 MINGW64 /f/GitTest/test-project (master)
$  git push -u origin master
Enter passphrase for key '/c/Users/chfangfang/.ssh/id_rsa':
To github.com:chfangfang/project.git
 ! [rejected]        master -> master (fetch first)
error: failed to push some refs to 'git@github.com:chfangfang/project.git'
hint: Updates were rejected because the remote contains work that you do
hint: not have locally. This is usually caused by another repository pushing
hint: to the same ref. You may want to first integrate the remote changes
hint: (e.g., 'git pull ...') before pushing again.
hint: See the 'Note about fast-forwards' in 'git push --help' for details.

chfangfang@DESKTOP-1K0PII8 MINGW64 /f/GitTest/test-project (master)
$ git push
fatal: The current branch master has no upstream branch.
To push the current branch and set the remote as upstream, use

    git push --set-upstream origin master


chfangfang@DESKTOP-1K0PII8 MINGW64 /f/GitTest/test-project (master)
$ ^C

chfangfang@DESKTOP-1K0PII8 MINGW64 /f/GitTest/test-project (master)
$ git pull origin master
Enter passphrase for key '/c/Users/chfangfang/.ssh/id_rsa':
warning: no common commits
remote: Enumerating objects: 10, done.
remote: Counting objects: 100% (10/10), done.
remote: Compressing objects: 100% (6/6), done.
remote: Total 10 (delta 0), reused 0 (delta 0), pack-reused 0
Unpacking objects: 100% (10/10), done.
From github.com:chfangfang/project
 * branch            master     -> FETCH_HEAD
 * [new branch]      master     -> origin/master
fatal: refusing to merge unrelated histories

chfangfang@DESKTOP-1K0PII8 MINGW64 /f/GitTest/test-project (master)
$  git push -u origin master
Enter passphrase for key '/c/Users/chfangfang/.ssh/id_rsa':
To github.com:chfangfang/project.git
 ! [rejected]        master -> master (non-fast-forward)
error: failed to push some refs to 'git@github.com:chfangfang/project.git'
hint: Updates were rejected because the tip of your current branch is behind
hint: its remote counterpart. Integrate the remote changes (e.g.
hint: 'git pull ...') before pushing again.
hint: See the 'Note about fast-forwards' in 'git push --help' for details.

chfangfang@DESKTOP-1K0PII8 MINGW64 /f/GitTest/test-project (master)
$ git push -u origin master.
fatal: invalid refspec 'master.'

chfangfang@DESKTOP-1K0PII8 MINGW64 /f/GitTest/test-project (master)
$ git push -u origin master
Enter passphrase for key '/c/Users/chfangfang/.ssh/id_rsa':
To github.com:chfangfang/project.git
 ! [rejected]        master -> master (non-fast-forward)
error: failed to push some refs to 'git@github.com:chfangfang/project.git'
hint: Updates were rejected because the tip of your current branch is behind
hint: its remote counterpart. Integrate the remote changes (e.g.
hint: 'git pull ...') before pushing again.
hint: See the 'Note about fast-forwards' in 'git push --help' for details.

chfangfang@DESKTOP-1K0PII8 MINGW64 /f/GitTest/test-project (master)
$ push -f origin master
bash: push: command not found

chfangfang@DESKTOP-1K0PII8 MINGW64 /f/GitTest/test-project (master)
$ git pull
Enter passphrase for key '/c/Users/chfangfang/.ssh/id_rsa':
There is no tracking information for the current branch.
Please specify which branch you want to merge with.
See git-pull(1) for details.

    git pull <remote> <branch>

If you wish to set tracking information for this branch you can do so with:

    git branch --set-upstream-to=origin/<branch> master


chfangfang@DESKTOP-1K0PII8 MINGW64 /f/GitTest/test-project (master)
$ git branch
* master

chfangfang@DESKTOP-1K0PII8 MINGW64 /f/GitTest/test-project (master)
$ git push -f origin master
Enter passphrase for key '/c/Users/chfangfang/.ssh/id_rsa':
Enumerating objects: 6, done.
Counting objects: 100% (6/6), done.
Delta compression using up to 4 threads
Compressing objects: 100% (3/3), done.
Writing objects: 100% (6/6), 451 bytes | 150.00 KiB/s, done.
Total 6 (delta 0), reused 0 (delta 0)
To github.com:chfangfang/project.git
 + d390778...7a0a13a master -> master (forced update)

chfangfang@DESKTOP-1K0PII8 MINGW64 /f/GitTest/test-project (master)
$ git push -u origin master
Enter passphrase for key '/c/Users/chfangfang/.ssh/id_rsa':
Everything up-to-date
Branch 'master' set up to track remote branch 'master' from 'origin'.

chfangfang@DESKTOP-1K0PII8 MINGW64 /f/GitTest/test-project (master)
$ ^C

chfangfang@DESKTOP-1K0PII8 MINGW64 /f/GitTest/test-project (master)
$ git add project
warning: adding embedded git repository: project
hint: You've added another git repository inside your current repository.
hint: Clones of the outer repository will not contain the contents of
hint: the embedded repository and will not know how to obtain it.
hint: If you meant to add a submodule, use:
hint:
hint:   git submodule add <url> project
hint:
hint: If you added this path by mistake, you can remove it from the
hint: index with:
hint:
hint:   git rm --cached project
hint:
hint: See "git help submodule" for more information.

chfangfang@DESKTOP-1K0PII8 MINGW64 /f/GitTest/test-project (master)
$ ls
a.txt  project/

chfangfang@DESKTOP-1K0PII8 MINGW64 /f/GitTest/test-project (master)
$ cd project/

chfangfang@DESKTOP-1K0PII8 MINGW64 /f/GitTest/test-project/project (master)
$ ls
README.md

chfangfang@DESKTOP-1K0PII8 MINGW64 /f/GitTest/test-project/project (master)
$ git add README.md

chfangfang@DESKTOP-1K0PII8 MINGW64 /f/GitTest/test-project/project (master)
$ git commit -m '请求 合并'
On branch master
Your branch is up to date with 'origin/master'.

nothing to commit, working tree clean

chfangfang@DESKTOP-1K0PII8 MINGW64 /f/GitTest/test-project/project (master)
$ git commit -m "请求合合并"
On branch master
Your branch is up to date with 'origin/master'.

nothing to commit, working tree clean

chfangfang@DESKTOP-1K0PII8 MINGW64 /f/GitTest/test-project/project (master)
$ git pull origin master
Enter passphrase for key '/c/Users/chfangfang/.ssh/id_rsa':
remote: Enumerating objects: 6, done.
remote: Counting objects: 100% (6/6), done.
remote: Compressing objects: 100% (3/3), done.
remote: Total 6 (delta 0), reused 6 (delta 0), pack-reused 0
Unpacking objects: 100% (6/6), done.
From github.com:chfangfang/project
 * branch            master     -> FETCH_HEAD
 + d390778...7a0a13a master     -> origin/master  (forced update)
fatal: refusing to merge unrelated histories

chfangfang@DESKTOP-1K0PII8 MINGW64 /f/GitTest/test-project/project (master)
$ git commit -m  "请求合合并"
On branch master
Your branch and 'origin/master' have diverged,
and have 4 and 2 different commits each, respectively.
  (use "git pull" to merge the remote branch into yours)

nothing to commit, working tree clean

chfangfang@DESKTOP-1K0PII8 MINGW64 /f/GitTest/test-project/project (master)
$ git push -u origin master
Enter passphrase for key '/c/Users/chfangfang/.ssh/id_rsa':
To github.com:chfangfang/project.git
 ! [rejected]        master -> master (non-fast-forward)
error: failed to push some refs to 'git@github.com:chfangfang/project.git'
hint: Updates were rejected because the tip of your current branch is behind
hint: its remote counterpart. Integrate the remote changes (e.g.
hint: 'git pull ...') before pushing again.
hint: See the 'Note about fast-forwards' in 'git push --help' for details.

chfangfang@DESKTOP-1K0PII8 MINGW64 /f/GitTest/test-project/project (master)
$
